ninja: Entering directory `tests/build'
ninja: no work to do.
